[www.elegantthemes.com/layouts/online-store/candy-shop-landing-page/live-demo.html]
[www.elegantthemes.com/layouts/online-store/candy-shop-shop-page/live-demo.html]
[www.elegantthemes.com/layouts/online-store/candy-shop-services-page/live-demo.html]
[www.elegantthemes.com/layouts/online-store/candy-shop-home-page/live-demo.html]
[www.elegantthemes.com/layouts/online-store/candy-shop-contact-page/live-demo.html]
[www.elegantthemes.com/layouts/online-store/candy-shop-blog-page/live-demo.html]
[www.elegantthemes.com/layouts/online-store/candy-shop-about-page/live-demo.html]
[backblue.gif]
[fade.gif]
[index.html]
[www.elegantthemes.com/layouts/wp-content/plugins/woocommerce/packages/woocommerce-blocks/build/wc-blocks-vendors-style519f.css]
[www.elegantthemes.com/layouts/wp-content/plugins/woocommerce/packages/woocommerce-blocks/build/wc-blocks-style519f.css]
[www.elegantthemes.com/layouts/wp-content/plugins/woocommerce/assets/css/woocommerce-layout56be.css]
[www.elegantthemes.com/layouts/wp-content/plugins/woocommerce/assets/css/woocommerce-smallscreen56be.css]
[www.elegantthemes.com/layouts/wp-content/plugins/woocommerce/assets/css/woocommerce56be.css]
[www.elegantthemes.com/layouts/wp-content/themes/Divi/style-static.min210a.css]
[www.elegantthemes.com/layouts/wp-includes/js/jquery/jquery.mina767.js]
[www.elegantthemes.com/layouts/wp-includes/js/jquery/jquery-migrate.min6b00.js]
[www.elegantthemes.com/layouts/wp-content/uploads/2017/12/logo.png]
[www.elegantthemes.com/layouts/wp-content/et-cache/224354/et-core-unified-deferred-224354.minf19d.css]
[www.elegantthemes.com/layouts/wp-content/uploads/2019/06/candy-shop-25.png]
[www.elegantthemes.com/layouts/wp-content/uploads/2019/06/candy-shop-33.png]
[www.elegantthemes.com/layouts/wp-content/uploads/2019/06/candy-shop-icon-011-1.png]
[www.elegantthemes.com/layouts/wp-content/uploads/2019/06/candy-shop-09.png]
[www.elegantthemes.com/layouts/wp-content/uploads/2019/06/candy-shop-26.png]
[www.elegantthemes.com/layouts/wp-content/uploads/2019/06/candy-shop-icon-02.png]
[www.elegantthemes.com/layouts/wp-content/uploads/2019/06/candy-shop-icon-01.png]
[www.elegantthemes.com/layouts/wp-content/uploads/2019/06/candy-shop-icon-05.png]
[www.elegantthemes.com/layouts/wp-content/uploads/2019/06/candy-shop-icon-06.png]
[www.elegantthemes.com/layouts/wp-content/uploads/2019/06/candy-shop-icon-07.png]
[www.elegantthemes.com/layouts/wp-content/uploads/2019/06/candy-shop-23.png]
[www.elegantthemes.com/layouts/wp-content/uploads/2019/06/candy-shop-22.png]
[www.elegantthemes.com/layouts/wp-content/uploads/2019/06/candy-shop-30.jpg]
[www.elegantthemes.com/layouts/wp-content/uploads/2019/06/candy-shop-29.jpg]
[www.elegantthemes.com/layouts/wp-content/uploads/2019/06/candy-shop-28.jpg]
[www.elegantthemes.com/layouts/wp-content/uploads/2019/06/candy-shop-icon-017-1.png]
[www.elegantthemes.com/layouts/wp-content/uploads/2019/06/candy-shop-icon-016-1.png]
[www.elegantthemes.com/layouts/wp-content/uploads/2019/06/candy-shop-icon-015-1.png]
[www.elegantthemes.com/layouts/wp-content/uploads/2019/06/candy-shop-27.png]
[www.elegantthemes.com/cdn-cgi/scripts/5c5dd728/cloudflare-static/email-decode.min.js]
[www.elegantthemes.com/layouts/wp-content/plugins/woocommerce/assets/js/jquery-blockui/jquery.blockUI.minb69f.js]
[www.elegantthemes.com/layouts/wp-content/plugins/woocommerce/assets/js/frontend/add-to-cart.min56be.js]
[www.elegantthemes.com/layouts/wp-content/plugins/woocommerce/assets/js/js-cookie/js.cookie.min44bd.js]
[www.elegantthemes.com/layouts/wp-content/plugins/woocommerce/assets/js/frontend/woocommerce.min56be.js]
[www.elegantthemes.com/layouts/wp-content/plugins/woocommerce/assets/js/frontend/cart-fragments.min56be.js]
[www.elegantthemes.com/layouts/wp-content/themes/Divi/js/scripts.min210a.js]
[www.elegantthemes.com/layouts/online-store/candy-shop-landing-page/live-demo.html]
[www.elegantthemes.com/layouts/wp-content/themes/Divi/core/admin/js/common210a.js]
[www.elegantthemes.com/layouts/wp-content/plugins/woocommerce/assets/css/photoswipe/photoswipe.min56be.css]
[www.elegantthemes.com/layouts/wp-content/plugins/woocommerce/assets/css/photoswipe/default-skin/default-skin.min56be.css]
[www.elegantthemes.com/layouts/wp-content/plugins/woocommerce/assets/css/select256be.css]
[www.elegantthemes.com/layouts/wp-content/et-cache/224350/et-core-unified-deferred-224350.min11e9.css]
[www.elegantthemes.com/layouts/wp-content/uploads/2019/06/candy-shop-icon-07-1.png]
[www.elegantthemes.com/layouts/wp-content/uploads/2019/06/candy-shop-icon-012.png]
[www.elegantthemes.com/layouts/wp-content/uploads/2019/06/candy-shop-icon-01-1.png]
[www.elegantthemes.com/layouts/wp-content/uploads/2018/01/image-4-1-400x400.jpg]
[www.elegantthemes.com/layouts/wp-content/uploads/2018/01/generator-68-400x400.jpg]
[www.elegantthemes.com/layouts/wp-content/uploads/2017/12/restaurant-hero-02-400x400.jpg]
[www.elegantthemes.com/layouts/wp-content/uploads/2018/01/11-1-400x400.jpg]
[www.elegantthemes.com/layouts/wp-content/uploads/2017/12/florist-07-1-400x400.jpg]
[www.elegantthemes.com/layouts/wp-content/uploads/2018/01/section-bg-400x400.jpg]
[www.elegantthemes.com/layouts/wp-content/uploads/2019/06/candy-shop-37.png]
[www.elegantthemes.com/layouts/wp-content/plugins/woocommerce/assets/js/zoom/jquery.zoom.minc526.js]
[www.elegantthemes.com/layouts/wp-content/plugins/woocommerce/assets/js/flexslider/jquery.flexslider.min5214.js]
[www.elegantthemes.com/layouts/wp-content/plugins/woocommerce/assets/js/photoswipe/photoswipe.min2fa2.js]
[www.elegantthemes.com/layouts/wp-content/plugins/woocommerce/assets/js/photoswipe/photoswipe-ui-default.min2fa2.js]
[www.elegantthemes.com/layouts/wp-content/plugins/woocommerce/assets/js/frontend/single-product.min56be.js]
[www.elegantthemes.com/layouts/wp-content/plugins/woocommerce/assets/js/frontend/country-select.min56be.js]
[www.elegantthemes.com/layouts/wp-content/plugins/woocommerce/assets/js/frontend/address-i18n.min56be.js]
[www.elegantthemes.com/layouts/wp-content/plugins/woocommerce/assets/js/frontend/checkout.min56be.js]
[www.elegantthemes.com/layouts/wp-content/plugins/woocommerce/assets/js/select2/select2.full.min8c06.js]
[www.elegantthemes.com/layouts/wp-content/plugins/woocommerce/assets/js/selectWoo/selectWoo.full.min4eb5.js]
[www.elegantthemes.com/layouts/online-store/candy-shop-shop-page/live-demo.html]
[www.elegantthemes.com/layouts/wp-content/et-cache/224352/et-core-unified-deferred-224352.mind128.css]
[www.elegantthemes.com/layouts/wp-content/uploads/2019/06/candy-shop-45.png]
[www.elegantthemes.com/layouts/wp-content/uploads/2019/06/candy-shop-icon-014-1.png]
[www.elegantthemes.com/layouts/wp-content/uploads/2019/06/candy-shop-icon-04-1.png]
[www.elegantthemes.com/layouts/wp-content/uploads/2019/06/candy-shop-icon-03-1.png]
[www.elegantthemes.com/layouts/wp-content/uploads/2019/06/candy-shop-icon-02-1.png]
[www.elegantthemes.com/layouts/wp-content/uploads/2019/06/candy-shop-38-1.png]
[www.elegantthemes.com/layouts/online-store/candy-shop-services-page/live-demo.html]
[www.elegantthemes.com/layouts/wp-content/et-cache/224356/et-core-unified-deferred-224356.minb09f.css]
[www.elegantthemes.com/layouts/wp-content/uploads/2019/06/candy-shop-46.png]
[www.elegantthemes.com/layouts/online-store/candy-shop-home-page/live-demo.html]
[www.elegantthemes.com/layouts/wp-content/et-cache/224358/et-core-unified-deferred-224358.min442b.css]
[www.elegantthemes.com/layouts/wp-content/uploads/2019/06/candy-shop-34-1.png]
[www.elegantthemes.com/layouts/online-store/candy-shop-contact-page/live-demo.html]
[www.elegantthemes.com/layouts/wp-content/et-cache/224360/et-core-unified-deferred-224360.min4af3.css]
[www.elegantthemes.com/layouts/wp-content/uploads/2017/12/bakery-16-400x250.jpg]
[www.elegantthemes.com/layouts/wp-content/uploads/2018/01/generator-68-400x250.jpg]
[www.elegantthemes.com/layouts/wp-content/uploads/2017/12/florist-04-400x250.jpg]
[www.elegantthemes.com/layouts/wp-content/uploads/2017/12/fashion-20-400x250.jpg]
[www.elegantthemes.com/layouts/wp-content/uploads/2018/01/section-bg-4-400x250.jpg]
[www.elegantthemes.com/layouts/wp-content/uploads/2017/12/13_img-400x250.jpg]
[www.elegantthemes.com/layouts/wp-includes/js/mediaelement/mediaelementplayer-legacy.min1f61.css]
[www.elegantthemes.com/layouts/wp-includes/js/mediaelement/wp-mediaelement.minae48.css]
[www.elegantthemes.com/layouts/wp-includes/js/mediaelement/mediaelement-and-player.min1f61.js]
[www.elegantthemes.com/layouts/wp-includes/js/mediaelement/mediaelement-migrate.minae48.js]
[www.elegantthemes.com/layouts/wp-includes/js/mediaelement/wp-mediaelement.minae48.js]
[www.elegantthemes.com/layouts/wp-content/themes/Divi/includes/builder/feature/dynamic-assets/assets/js/salvattore210a.js]
[www.elegantthemes.com/layouts/online-store/candy-shop-blog-page/live-demo.html]
[www.elegantthemes.com/layouts/wp-content/themes/Divi/includes/builder/feature/dynamic-assets/assets/js/easypiechart210a.js]
[www.elegantthemes.com/layouts/wp-content/et-cache/224362/et-core-unified-deferred-224362.min3018.css]
[www.elegantthemes.com/layouts/wp-content/uploads/2019/06/candy-shop-40.png]
[www.elegantthemes.com/layouts/wp-content/uploads/2019/06/candy-shop-icon-06-1.png]
[www.elegantthemes.com/layouts/online-store/candy-shop-about-page/live-demo.html]
[www.elegantthemes.com/layouts/wp-content/plugins/woocommerce/packages/woocommerce-blocks/build/wc-blocks-vendors-style519f.css]
[www.elegantthemes.com/layouts/wp-content/plugins/woocommerce/packages/woocommerce-blocks/build/wc-blocks-style519f.css]
[www.elegantthemes.com/layouts/wp-content/plugins/woocommerce/assets/css/woocommerce-layout56be.css]
[www.elegantthemes.com/layouts/wp-content/plugins/woocommerce/assets/css/woocommerce-smallscreen56be.css]
[www.elegantthemes.com/layouts/wp-content/plugins/woocommerce/assets/css/woocommerce56be.css]
[www.elegantthemes.com/layouts/wp-content/themes/Divi/includes/builder/styles/images/preloader.gif]
[www.elegantthemes.com/layouts/wp-content/themes/Divi/core/admin/fonts/modules/all/modules.eot]
[www.elegantthemes.com/layouts/wp-content/themes/Divi/core/admin/fonts/modules/all/modulesd41d.eot]
[www.elegantthemes.com/layouts/wp-content/themes/Divi/core/admin/fonts/modules/all/modules.woff]
[www.elegantthemes.com/layouts/wp-content/themes/Divi/core/admin/fonts/modules/all/modules.ttf]
[www.elegantthemes.com/layouts/wp-content/themes/Divi/core/admin/fonts/modules/all/modules.svg]
[www.elegantthemes.com/layouts/wp-content/themes/Divi/core/admin/fonts/fontawesome/fa-regular-400.eot]
[www.elegantthemes.com/layouts/wp-content/themes/Divi/core/admin/fonts/fontawesome/fa-regular-400d41d.eot]
[www.elegantthemes.com/layouts/wp-content/themes/Divi/core/admin/fonts/fontawesome/fa-regular-400.woff2]
[www.elegantthemes.com/layouts/wp-content/themes/Divi/core/admin/fonts/fontawesome/fa-regular-400.woff]
[www.elegantthemes.com/layouts/wp-content/themes/Divi/core/admin/fonts/fontawesome/fa-regular-400.ttf]
[www.elegantthemes.com/layouts/wp-content/themes/Divi/core/admin/fonts/fontawesome/fa-regular-400.svg]
[www.elegantthemes.com/layouts/wp-content/themes/Divi/core/admin/fonts/fontawesome/fa-solid-900.eot]
[www.elegantthemes.com/layouts/wp-content/themes/Divi/core/admin/fonts/fontawesome/fa-solid-900d41d.eot]
[www.elegantthemes.com/layouts/wp-content/themes/Divi/core/admin/fonts/fontawesome/fa-solid-900.woff2]
[www.elegantthemes.com/layouts/wp-content/themes/Divi/core/admin/fonts/fontawesome/fa-solid-900.woff]
[www.elegantthemes.com/layouts/wp-content/themes/Divi/core/admin/fonts/fontawesome/fa-solid-900.ttf]
[www.elegantthemes.com/layouts/wp-content/themes/Divi/core/admin/fonts/fontawesome/fa-solid-900.svg]
[www.elegantthemes.com/layouts/wp-content/themes/Divi/core/admin/fonts/fontawesome/fa-brands-400.eot]
[www.elegantthemes.com/layouts/wp-content/themes/Divi/core/admin/fonts/fontawesome/fa-brands-400d41d.eot]
[www.elegantthemes.com/layouts/wp-content/themes/Divi/core/admin/fonts/fontawesome/fa-brands-400.woff2]
[www.elegantthemes.com/layouts/wp-content/themes/Divi/core/admin/fonts/fontawesome/fa-brands-400.woff]
[www.elegantthemes.com/layouts/wp-content/themes/Divi/core/admin/fonts/fontawesome/fa-brands-400.ttf]
[www.elegantthemes.com/layouts/wp-content/themes/Divi/core/admin/fonts/fontawesome/fa-brands-400.svg]
[www.elegantthemes.com/layouts/wp-content/themes/Divi/includes/builder/styles/images/subscribe-loader.gif]
[www.elegantthemes.com/layouts/wp-content/themes/Divi/style-static.min210a.css]
[www.elegantthemes.com/layouts/wp-content/uploads/2019/06/candy-shop-24.jpg]
[www.elegantthemes.com/layouts/wp-content/et-cache/224354/et-core-unified-deferred-224354.minf19d.css]
[www.elegantthemes.com/layouts/wp-content/plugins/woocommerce/assets/css/photoswipe/default-skin/default-skin.png]
[www.elegantthemes.com/layouts/wp-content/plugins/woocommerce/assets/css/photoswipe/photoswipe.min56be.css]
[www.elegantthemes.com/layouts/wp-content/plugins/woocommerce/assets/css/photoswipe/default-skin/default-skin.svg]
[www.elegantthemes.com/layouts/wp-content/plugins/woocommerce/assets/css/photoswipe/default-skin/preloader.gif]
[www.elegantthemes.com/layouts/wp-content/plugins/woocommerce/assets/css/photoswipe/default-skin/default-skin.min56be.css]
[www.elegantthemes.com/layouts/wp-content/plugins/woocommerce/assets/css/select256be.css]
[www.elegantthemes.com/layouts/wp-content/uploads/2019/06/candy-shop-10-2.jpg]
[www.elegantthemes.com/layouts/wp-content/et-cache/224350/et-core-unified-deferred-224350.min11e9.css]
[www.elegantthemes.com/layouts/wp-content/et-cache/224352/et-core-unified-deferred-224352.mind128.css]
[www.elegantthemes.com/layouts/wp-content/uploads/2019/06/candy-shop-47.jpg]
[www.elegantthemes.com/layouts/wp-content/et-cache/224356/et-core-unified-deferred-224356.minb09f.css]
[www.elegantthemes.com/layouts/wp-content/et-cache/224358/et-core-unified-deferred-224358.min442b.css]
[www.elegantthemes.com/layouts/wp-content/et-cache/224360/et-core-unified-deferred-224360.min4af3.css]
[www.elegantthemes.com/layouts/wp-includes/js/mediaelement/mejs-controls.svg]
[www.elegantthemes.com/layouts/wp-includes/js/mediaelement/mediaelementplayer-legacy.min1f61.css]
[www.elegantthemes.com/layouts/wp-includes/js/mediaelement/wp-mediaelement.minae48.css]
[www.elegantthemes.com/layouts/wp-content/uploads/2019/06/candy-shop-36.jpg]
[www.elegantthemes.com/layouts/wp-content/et-cache/224362/et-core-unified-deferred-224362.min3018.css]
[www.elegantthemes.com/layouts/wp-content/themes/Divi/core/admin/fonts/modules/all/modules.svg]
[www.elegantthemes.com/layouts/wp-content/themes/Divi/core/admin/fonts/fontawesome/fa-regular-400.svg]
[www.elegantthemes.com/layouts/wp-content/themes/Divi/core/admin/fonts/fontawesome/fa-solid-900.svg]
[www.elegantthemes.com/layouts/wp-content/themes/Divi/core/admin/fonts/fontawesome/fa-brands-400.svg]
[www.elegantthemes.com/layouts/wp-content/plugins/woocommerce/assets/css/photoswipe/default-skin/default-skin.svg]
[www.elegantthemes.com/layouts/wp-includes/js/mediaelement/mejs-controls.svg]
